// Jest Snapshot v1, https://goo.gl/fbAQLP

exports[`Tests for Navbar should match snapshot 1`] = `
Object {
  "asFragment": [Function],
  "baseElement": <body>
    <div>
      <nav
        class="navbar has-background-white is-fixed-top"
      >
        <div
          class="navbar-brand"
          data-testid="nav-brand"
        >
          <img
            alt="rivet logo"
            class="navbar-logo"
            src="https://www.rivet.work/wp-content/uploads/2019/10/Rivet_Logo_UnionBlue-300x138.png"
          />
          <div
            aria-label="menu"
            class="navbar-burger"
            data-testid="burger-icon"
          >
            <span />
            <span />
            <span />
          </div>
        </div>
        <div
          class="navbar-menu"
          data-testid="nav-menu"
        >
          <div
            class="navbar-end"
          >
            <div
              class="navbar-item"
            >
              <a
                class="color_shark has-text-weight-bold is-size-5"
                href="/profiles"
              >
                <div
                  class="nav_link has-text-right-mobile"
                >
                  Profile List
                </div>
              </a>
            </div>
            <div
              class="navbar-item"
            >
              <a
                class="color_shark has-text-weight-bold is-size-5"
                href="/newprofile"
              >
                <div
                  class="nav_link has-text-right-mobile"
                >
                  Add Employee
                </div>
              </a>
            </div>
          </div>
        </div>
      </nav>
    </div>
  </body>,
  "container": <div>
    <nav
      class="navbar has-background-white is-fixed-top"
    >
      <div
        class="navbar-brand"
        data-testid="nav-brand"
      >
        <img
          alt="rivet logo"
          class="navbar-logo"
          src="https://www.rivet.work/wp-content/uploads/2019/10/Rivet_Logo_UnionBlue-300x138.png"
        />
        <div
          aria-label="menu"
          class="navbar-burger"
          data-testid="burger-icon"
        >
          <span />
          <span />
          <span />
        </div>
      </div>
      <div
        class="navbar-menu"
        data-testid="nav-menu"
      >
        <div
          class="navbar-end"
        >
          <div
            class="navbar-item"
          >
            <a
              class="color_shark has-text-weight-bold is-size-5"
              href="/profiles"
            >
              <div
                class="nav_link has-text-right-mobile"
              >
                Profile List
              </div>
            </a>
          </div>
          <div
            class="navbar-item"
          >
            <a
              class="color_shark has-text-weight-bold is-size-5"
              href="/newprofile"
            >
              <div
                class="nav_link has-text-right-mobile"
              >
                Add Employee
              </div>
            </a>
          </div>
        </div>
      </div>
    </nav>
  </div>,
  "debug": [Function],
  "findAllByAltText": [Function],
  "findAllByDisplayValue": [Function],
  "findAllByLabelText": [Function],
  "findAllByPlaceholderText": [Function],
  "findAllByRole": [Function],
  "findAllByTestId": [Function],
  "findAllByText": [Function],
  "findAllByTitle": [Function],
  "findByAltText": [Function],
  "findByDisplayValue": [Function],
  "findByLabelText": [Function],
  "findByPlaceholderText": [Function],
  "findByRole": [Function],
  "findByTestId": [Function],
  "findByText": [Function],
  "findByTitle": [Function],
  "getAllByAltText": [Function],
  "getAllByDisplayValue": [Function],
  "getAllByLabelText": [Function],
  "getAllByPlaceholderText": [Function],
  "getAllByRole": [Function],
  "getAllByTestId": [Function],
  "getAllByText": [Function],
  "getAllByTitle": [Function],
  "getByAltText": [Function],
  "getByDisplayValue": [Function],
  "getByLabelText": [Function],
  "getByPlaceholderText": [Function],
  "getByRole": [Function],
  "getByTestId": [Function],
  "getByText": [Function],
  "getByTitle": [Function],
  "queryAllByAltText": [Function],
  "queryAllByDisplayValue": [Function],
  "queryAllByLabelText": [Function],
  "queryAllByPlaceholderText": [Function],
  "queryAllByRole": [Function],
  "queryAllByTestId": [Function],
  "queryAllByText": [Function],
  "queryAllByTitle": [Function],
  "queryByAltText": [Function],
  "queryByDisplayValue": [Function],
  "queryByLabelText": [Function],
  "queryByPlaceholderText": [Function],
  "queryByRole": [Function],
  "queryByTestId": [Function],
  "queryByText": [Function],
  "queryByTitle": [Function],
  "rerender": [Function],
  "unmount": [Function],
}
`;
